/home/runner/work/petshopweb/petshopweb/src/main/java/com/demo/config/JwtTokenUtil.java
/home/runner/work/petshopweb/petshopweb/src/main/java/com/demo/model/Mascota.java
/home/runner/work/petshopweb/petshopweb/src/main/java/com/demo/service/CustomUserDetailsService.java
/home/runner/work/petshopweb/petshopweb/src/main/java/com/demo/controller/MascotaViewController.java
/home/runner/work/petshopweb/petshopweb/src/main/java/com/demo/ServletInitializer.java
/home/runner/work/petshopweb/petshopweb/src/main/java/com/demo/controller/DuenioViewController.java
/home/runner/work/petshopweb/petshopweb/src/main/java/com/demo/repository/UsuarioRepository.java
/home/runner/work/petshopweb/petshopweb/src/main/java/com/demo/service/DuenioService.java
/home/runner/work/petshopweb/petshopweb/src/main/java/com/demo/web/JwtRequestFilter.java
/home/runner/work/petshopweb/petshopweb/src/main/java/com/demo/model/Usuario.java
/home/runner/work/petshopweb/petshopweb/src/main/java/com/demo/service/UsuarioService.java
/home/runner/work/petshopweb/petshopweb/src/main/java/com/demo/controller/AuthController.java
/home/runner/work/petshopweb/petshopweb/src/main/java/com/demo/controller/GlobalExceptionHandler.java
/home/runner/work/petshopweb/petshopweb/src/main/java/com/demo/model/Duenio.java
/home/runner/work/petshopweb/petshopweb/src/main/java/com/demo/Demo2Application.java
/home/runner/work/petshopweb/petshopweb/src/main/java/com/demo/service/MascotaService.java
/home/runner/work/petshopweb/petshopweb/src/main/java/com/demo/repository/DuenioRepository.java
/home/runner/work/petshopweb/petshopweb/src/main/java/com/demo/repository/MascotaRepository.java
/home/runner/work/petshopweb/petshopweb/src/main/java/com/demo/config/SecurityConfig.java
